<html>
<body>
<pre>
<h1>µVision Build Log</h1>
<h2>Tool Versions:</h2>
IDE-Version: ¦ÌVision V5.18.0.0
Copyright (C) 2016 ARM Ltd and ARM Germany GmbH. All rights reserved.
License Information: 1 1, 1, LIC=14HV2-9X05I-UHP8H-WLU6U-4LU2N-XFCAM
 
Tool Versions:
Toolchain:       MDK-ARM Standard  Version: 5.18
Toolchain Path:  E:\keil\ARM\ARMCC\Bin
C Compiler:      Armcc.exe V5.06 update 1 (build 61)
Assembler:       Armasm.exe V5.06 update 1 (build 61)
Linker/Locator:  ArmLink.exe V5.06 update 1 (build 61)
Library Manager: ArmAr.exe V5.06 update 1 (build 61)
Hex Converter:   FromElf.exe V5.06 update 1 (build 61)
CPU DLL:         SARMCM3.DLL V5.18
Dialog DLL:      DARMSTM.DLL V1.65.0.0
Target DLL:      STLink\ST-LINKIII-KEIL_SWO.dll V2.0.18.0
Dialog DLL:      TARMSTM.DLL V1.64.0.0
 
<h2>Project:</h2>
C:\Users\dell\Desktop\ËÍÃü²¡·¿ÖÕ½á°æ\USER\EXTI.uvprojx
Project File Date:  11/06/2021

<h2>Output:</h2>
*** Using Compiler 'V5.06 update 1 (build 61)', folder: 'E:\keil\ARM\ARMCC\Bin'
Rebuild target 'EXTI'
compiling led.c...
compiling stm32f10x_it.c...
compiling motor.c...
compiling exti.c...
..\HARDWARE\EXTI\exti.c(21): warning:  #177-D: variable "GPIO_InitStructure" was declared but never referenced
   GPIO_InitTypeDef GPIO_InitStructure;
..\HARDWARE\EXTI\exti.c: 1 warning, 0 errors
compiling system_stm32f10x.c...
compiling key.c...
compiling main.c...
main.c(40): warning:  #177-D: variable "ddd" was declared but never referenced
  	 int ddd=1;
main.c(41): warning:  #177-D: variable "i" was declared but never referenced
  	 int i;
main.c: 2 warnings, 0 errors
assembling startup_stm32f10x_hd.s...
compiling timer.c...
compiling usart.c...
compiling delay.c...
compiling core_cm3.c...
compiling misc.c...
compiling stm32f10x_gpio.c...
compiling sys.c...
compiling stm32f10x_rcc.c...
compiling stm32f10x_usart.c...
compiling stm32f10x_exti.c...
compiling stm32f10x_tim.c...
linking...
Program Size: Code=16672 RO-data=336 RW-data=52 ZI-data=2036  
FromELF: creating hex file...
"..\OBJ\EXIT.axf" - 0 Error(s), 3 Warning(s).

<h2>Collection of Component include folders:</h2>
  C:\Users\dell\Desktop\ËÍÃü²¡·¿ÖÕ½á°æ\USER\RTE
  E:\keil¿ª·¢\ARM\PACK\Keil\STM32F1xx_DFP\2.3.0\Device\Include

<h2>Collection of Component Files used:</h2>
Build Time Elapsed:  00:00:03
</pre>
</body>
</html>
